// Generated using SwiftGen, by O.Halligon â€” https://github.com/AliSoftware/SwiftGen

enum Nib: String {
  case Cell = "Cell"
}
